******************************************************************************
                  MSP430 Linker PC v18.1.3                     
******************************************************************************
>> Linked Tue Jun 11 11:49:58 2019

OUTPUT FILE NAME:   <BOOST-DRV8711_FIRMWAREv1.11.out>
ENTRY POINT SYMBOL: "_c_int00_noargs"  address: 0000e2c2


MEMORY CONFIGURATION

         name            origin    length      used     unused   attr    fill
----------------------  --------  ---------  --------  --------  ----  --------
  SFR                   00000000   00000010  00000000  00000010  RWIX
  PERIPHERALS_8BIT      00000010   000000f0  00000000  000000f0  RWIX
  PERIPHERALS_16BIT     00000100   00000100  00000000  00000100  RWIX
  RAM                   00000200   00000200  0000013e  000000c2  RWIX
  INFOD                 00001000   00000040  00000000  00000040  RWIX
  INFOC                 00001040   00000040  00000000  00000040  RWIX
  INFOB                 00001080   00000040  00000000  00000040  RWIX
  INFOA                 000010c0   00000040  00000000  00000040  RWIX
  FLASH                 0000c000   00003fe0  0000240c  00001bd4  RWIX
  INT00                 0000ffe0   00000002  00000000  00000002  RWIX
  INT01                 0000ffe2   00000002  00000000  00000002  RWIX
  INT02                 0000ffe4   00000002  00000002  00000000  RWIX
  INT03                 0000ffe6   00000002  00000002  00000000  RWIX
  INT04                 0000ffe8   00000002  00000000  00000002  RWIX
  INT05                 0000ffea   00000002  00000002  00000000  RWIX
  INT06                 0000ffec   00000002  00000002  00000000  RWIX
  INT07                 0000ffee   00000002  00000002  00000000  RWIX
  INT08                 0000fff0   00000002  00000002  00000000  RWIX
  INT09                 0000fff2   00000002  00000002  00000000  RWIX
  INT10                 0000fff4   00000002  00000002  00000000  RWIX
  INT11                 0000fff6   00000002  00000002  00000000  RWIX
  INT12                 0000fff8   00000002  00000002  00000000  RWIX
  INT13                 0000fffa   00000002  00000002  00000000  RWIX
  INT14                 0000fffc   00000002  00000002  00000000  RWIX
  RESET                 0000fffe   00000002  00000002  00000000  RWIX


SECTION ALLOCATION MAP

 output                                  attributes/
section   page    origin      length       input sections
--------  ----  ----------  ----------   ----------------
.bss       0    00000200    00000096     UNINITIALIZED
                  00000200    00000044     (.common:gInCmdBuffer)
                  00000244    00000012     (.common:G_STATUS_REG)
                  00000256    00000010     (.common:G_CTRL_REG)
                  00000266    0000000e     (.common:G_DRIVE_REG)
                  00000274    00000008     (.common:G_STALL_REG)
                  0000027c    00000006     (.common:G_BLANK_REG)
                  00000282    00000006     (.common:G_DECAY_REG)
                  00000288    00000006     (.common:G_OFF_REG)
                  0000028e    00000006     (.common:G_TORQUE_REG)
                  00000294    00000002     (.common:gInCmdSkipCount)

.data      0    00000296    00000058     UNINITIALIZED
                  00000296    00000056     utility.obj (.data)
                  000002ec    00000002     monitor.obj (.data)

.stack     0    000003b0    00000050     UNINITIALIZED
                  000003b0    00000002     rts430_eabi.lib : boot.c.obj (.stack)
                  000003b2    0000004e     --HOLE--

.text      0    0000c000    000023e6     
                  0000c000    00000478     rts430_eabi.lib : frcdivd.c.obj (.text:__TI_frcdivd)
                  0000c478    00000288     utility.obj (.text:StepProfile)
                  0000c700    00000286     rts430_eabi.lib : frcmpyd.c.obj (.text:__TI_frcmpyd)
                  0000c986    0000026e                     : mpyd.c.obj (.text:__mspabi_mpyd)
                  0000cbf4    00000238                     : divd.c.obj (.text:__mspabi_divd)
                  0000ce2c    0000020c     utility.obj (.text:ReadAllRegisters)
                  0000d038    000001e4     utility.obj (.text:SpeedProfile)
                  0000d21c    000001aa     utility.obj (.text:UpdateGPIO)
                  0000d3c6    000001a2     utility.obj (.text:Initialize)
                  0000d568    00000132     rts430_eabi.lib : fs_add.asm.obj (.text)
                  0000d69a    0000012e     utility.obj (.text:WriteAllRegisters)
                  0000d7c8    00000128     utility.obj (.text:UpdateStepperMotionProfile)
                  0000d8f0    000000dc     utility.obj (.text:UpdateFullScaleCurrent)
                  0000d9cc    000000c4     rts430_eabi.lib : fs_mpy.asm.obj (.text)
                  0000da90    0000009c                     : fs_div.asm.obj (.text)
                  0000db2c    00000098     utility.obj (.text:UpdateDRV8711Registers)
                  0000dbc4    0000008c     rts430_eabi.lib : cvtdf.c.obj (.text:__mspabi_cvtdf)
                  0000dc50    0000007c                     : copy_decompress_lzss.c.obj (.text:decompress:lzss:__TI_decompress_lzss)
                  0000dccc    00000072                     : cvtfd.c.obj (.text:__mspabi_cvtfd)
                  0000dd3e    00000066     monitor.obj (.text:receivedDataCommand)
                  0000dda4    0000005c     rts430_eabi.lib : lsr32.asm.obj (.text:l_lsr_const)
                  0000de00    00000058                     : div32u.asm.obj (.text)
                  0000de58    00000050     monitor.obj (.text:MemAccessCmd)
                  0000dea8    0000004c     rts430_eabi.lib : lsr16.asm.obj (.text)
                  0000def4    0000004a     monitor.obj (.text:WriteMAUToCOM)
                  0000df3e    00000046     rts430_eabi.lib : fs_tou.asm.obj (.text)
                  0000df84    00000042     monitor.obj (.text:GetWriteCmdDataMAU)
                  0000dfc6    00000042     rts430_eabi.lib : autoinit.c.obj (.text:__TI_auto_init_nobinit_nopinit:__TI_auto_init_nobinit_nopinit)
                  0000e008    00000040                     : div32s.asm.obj (.text)
                  0000e048    0000003e                     : asr32.asm.obj (.text:l_asr_const)
                  0000e086    0000003e                     : lsl32.asm.obj (.text:l_lsl_const)
                  0000e0c4    0000003c     main.obj (.text:Timer1_A1)
                  0000e100    0000003a     monitor.obj (.text:GetInCmdAddress)
                  0000e13a    00000030     utility.obj (.text:SPI_DRV8711_ReadWrite)
                  0000e16a    0000002c     rts430_eabi.lib : asr16.asm.obj (.text)
                  0000e196    0000002c                     : lsl16.asm.obj (.text)
                  0000e1c2    0000002a     uart.obj (.text:USCI0RX_ISR)
                  0000e1ec    0000002a     uart.obj (.text:uartInit)
                  0000e216    00000026     monitor.obj (.text:ProcessCommand)
                  0000e23c    00000026     rts430_eabi.lib : mult32.asm.obj (.text)
                  0000e262    00000024                     : fs_utof.asm.obj (.text)
                  0000e286    0000001e     monitor.obj (.text:GetSizeOfMAUIn8bitByte)
                  0000e2a4    0000001e     main.obj (.text:Timer1_A0)
                  0000e2c2    0000001c     rts430_eabi.lib : boot.c.obj (.text:_c_int00_noargs)
                  0000e2de    0000001a     monitor.obj (.text:WriteToCmdBuffer)
                  0000e2f8    0000001a     main.obj (.text:main)
                  0000e312    00000014     monitor.obj (.text:VerifyInputCmdHeaders)
                  0000e326    00000014     rts430_eabi.lib : copy_zero_init.c.obj (.text:decompress:ZI:__TI_zero_init_nomemset:__TI_zero_init_nomemset)
                  0000e33a    00000014                     : mult16.asm.obj (.text)
                  0000e34e    00000012                     : copy_decompress_none.c.obj (.text:decompress:none:__TI_decompress_none)
                  0000e360    00000012                     : memcpy.c.obj (.text:memcpy)
                  0000e372    00000010     monitor.obj (.text:WriteByteToInCmdBuffer)
                  0000e382    00000010     rts430_eabi.lib : epilog.asm.obj (.text)
                  0000e392    0000000c     monitor.obj (.text:GetRWFlag)
                  0000e39e    0000000c     main.obj (.text:WatchDog_Timer)
                  0000e3aa    0000000c     uart.obj (.text:uartTxByte)
                  0000e3b6    0000000a     monitor.obj (.text:ClearBufferRelatedParam)
                  0000e3c0    0000000a     monitor.obj (.text:GetInputCmdType)
                  0000e3ca    0000000a     monitor.obj (.text:GetTransferSizeInMAU)
                  0000e3d4    00000006     rts430_eabi.lib : exit.c.obj (.text:abort)
                  0000e3da    00000004     monitor.obj (.text:GetTargetEndianness)
                  0000e3de    00000004     rts430_eabi.lib : pre_init.c.obj (.text:_system_pre_init)
                  0000e3e2    00000002     main.obj (.text:Trap_ISR)
                  0000e3e4    00000002     rts430_eabi.lib : startup.c.obj (.text:_system_post_cinit)

.cinit     0    0000e3e6    00000026     
                  0000e3e6    00000014     (.cinit..data.load) [load image, compression = lzss]
                  0000e3fa    00000006     (__TI_handler_table)
                  0000e400    00000004     (.cinit..bss.load) [load image, compression = zero_init]
                  0000e404    00000008     (__TI_cinit_table)

.init_array 
*          0    0000c000    00000000     UNINITIALIZED

PORT1      0    0000ffe4    00000002     
                  0000ffe4    00000002     main.obj (.int02)

PORT2      0    0000ffe6    00000002     
                  0000ffe6    00000002     main.obj (.int03)

ADC10      0    0000ffea    00000002     
                  0000ffea    00000002     main.obj (.int05)

USCIAB0TX 
*          0    0000ffec    00000002     
                  0000ffec    00000002     main.obj (.int06)

USCIAB0RX 
*          0    0000ffee    00000002     
                  0000ffee    00000002     uart.obj (.int07)

TIMER0_A1 
*          0    0000fff0    00000002     
                  0000fff0    00000002     main.obj (.int08)

TIMER0_A0 
*          0    0000fff2    00000002     
                  0000fff2    00000002     main.obj (.int09)

WDT        0    0000fff4    00000002     
                  0000fff4    00000002     main.obj (.int10)

COMPARATORA 
*          0    0000fff6    00000002     
                  0000fff6    00000002     main.obj (.int11)

TIMER1_A1 
*          0    0000fff8    00000002     
                  0000fff8    00000002     main.obj (.int12)

TIMER1_A0 
*          0    0000fffa    00000002     
                  0000fffa    00000002     main.obj (.int13)

NMI        0    0000fffc    00000002     
                  0000fffc    00000002     main.obj (.int14)

.reset     0    0000fffe    00000002     
                  0000fffe    00000002     rts430_eabi.lib : boot.c.obj (.reset)

MODULE SUMMARY

       Module                       code   ro data   rw data
       ------                       ----   -------   -------
    .\
       utility.obj                  3518   0         166    
       monitor.obj                  556    0         72     
       main.obj                     130    22        0      
       uart.obj                     96     2         0      
    +--+----------------------------+------+---------+---------+
       Total:                       4300   24        238    
                                                            
    C:\ti\ccsv8\tools\compiler\ti-cgt-msp430_18.1.3.LTS\lib\rts430_eabi.lib
       frcdivd.c.obj                1144   0         0      
       frcmpyd.c.obj                646    0         0      
       mpyd.c.obj                   622    0         0      
       divd.c.obj                   568    0         0      
       fs_add.asm.obj               306    0         0      
       fs_mpy.asm.obj               196    0         0      
       fs_div.asm.obj               156    0         0      
       cvtdf.c.obj                  140    0         0      
       copy_decompress_lzss.c.obj   124    0         0      
       cvtfd.c.obj                  114    0         0      
       lsr32.asm.obj                92     0         0      
       div32u.asm.obj               88     0         0      
       lsr16.asm.obj                76     0         0      
       fs_tou.asm.obj               70     0         0      
       autoinit.c.obj               66     0         0      
       div32s.asm.obj               64     0         0      
       asr32.asm.obj                62     0         0      
       lsl32.asm.obj                62     0         0      
       asr16.asm.obj                44     0         0      
       lsl16.asm.obj                44     0         0      
       mult32.asm.obj               38     0         0      
       fs_utof.asm.obj              36     0         0      
       boot.c.obj                   28     2         0      
       copy_zero_init.c.obj         20     0         0      
       mult16.asm.obj               20     0         0      
       copy_decompress_none.c.obj   18     0         0      
       memcpy.c.obj                 18     0         0      
       epilog.asm.obj               16     0         0      
       exit.c.obj                   6      0         0      
       pre_init.c.obj               4      0         0      
       startup.c.obj                2      0         0      
    +--+----------------------------+------+---------+---------+
       Total:                       4890   2         0      
                                                            
       Stack:                       0      0         80     
       Linker Generated:            0      38        0      
    +--+----------------------------+------+---------+---------+
       Grand Total:                 9190   64        318    


LINKER GENERATED COPY TABLES

__TI_cinit_table @ 0000e404 records: 2, size/record: 4, table size: 8
	.data: load addr=0000e3e6, load size=00000014 bytes, run addr=00000296, run size=00000058 bytes, compression=lzss
	.bss: load addr=0000e400, load size=00000004 bytes, run addr=00000200, run size=00000096 bytes, compression=zero_init


LINKER GENERATED HANDLER TABLE

__TI_handler_table @ 0000e3fa records: 3, size/record: 2, table size: 6
	index: 0, handler: __TI_zero_init
	index: 1, handler: __TI_decompress_lzss
	index: 2, handler: __TI_decompress_none


GLOBAL SYMBOLS: SORTED ALPHABETICALLY BY Name 

address   name                          
-------   ----                          
0000004a  ADC10AE0                      
000001b0  ADC10CTL0                     
000001b2  ADC10CTL1                     
00000048  ADC10DTC0                     
00000049  ADC10DTC1                     
000001b4  ADC10MEM                      
000001bc  ADC10SA                       
00000057  BCSCTL1                       
00000058  BCSCTL2                       
00000053  BCSCTL3                       
0000e3d4  C$$EXIT                       
00000059  CACTL1                        
0000005a  CACTL2                        
000010fb  CALBC1_12MHZ                  
000010f9  CALBC1_16MHZ                  
000010ff  CALBC1_1MHZ                   
000010fd  CALBC1_8MHZ                   
000010fa  CALDCO_12MHZ                  
000010f8  CALDCO_16MHZ                  
000010fe  CALDCO_1MHZ                   
000010fc  CALDCO_8MHZ                   
0000005b  CAPD                          
0000e3b6  ClearBufferRelatedParam       
00000056  DCOCTL                        
00000128  FCTL1                         
0000012a  FCTL2                         
0000012c  FCTL3                         
000002d4  G_ACCEL_FLAG                  
000002bc  G_ACCEL_RATE                  
000002e6  G_BIN1                        
000002e4  G_BIN2                        
0000027c  G_BLANK_REG                   
000002a2  G_BYPASS_INDEXER              
000002a4  G_BYPASS_INDEXER_OLD          
00000256  G_CTRL_REG                    
000002cc  G_CUR_NUM_STEPS               
000002ce  G_CUR_SPEED                   
000002d0  G_CUR_SPEED_TEMP              
00000282  G_DECAY_REG                   
000002e2  G_DIR_AIN2                    
00000266  G_DRIVE_REG                   
00000296  G_FIRMWARE_VERSION            
0000029a  G_FULL_SCALE_CURRENT          
000002a0  G_ISGAIN_OLD                  
000002da  G_LOAD_CCR_VALS               
000002b2  G_MANUAL_READ                 
000002ac  G_MANUAL_WRITE                
000002c2  G_MOTOR_STATE                 
00000288  G_OFF_REG                     
000002b4  G_READ_ADDR                   
000002a8  G_READ_ALL_REG                
000002b6  G_READ_DATA                   
000002de  G_RESET                       
000002aa  G_RESET_FAULTS                
000002d2  G_SPEED_INCR                  
000002c4  G_SPEED_PROFILE               
000002c6  G_SPEED_PROFILE_LOCK          
00000274  G_STALL_REG                   
000002b8  G_START_STOP_SPEED            
00000244  G_STATUS_REG                  
000002c0  G_STEPS_TO_ACCEL              
000002e0  G_STEP_AIN1                   
000002c8  G_STEP_PROFILE                
000002ca  G_STEP_PROFILE_LOCK           
000002d6  G_TA1CCR0_TEMP                
000002d8  G_TA1CCR1_TEMP                
000002ba  G_TARGET_SPEED                
0000029e  G_TORQUE_OLD                  
0000028e  G_TORQUE_REG                  
000002be  G_TOTAL_NUM_STEPS             
000002ae  G_WRITE_ADDR                  
000002a6  G_WRITE_ALL_REG               
000002b0  G_WRITE_DATA                  
000002e8  G_nFAULT                      
000002dc  G_nSLEEP                      
000002ea  G_nSTALL                      
0000e100  GetInCmdAddress               
0000e3c0  GetInputCmdType               
0000e392  GetRWFlag                     
0000e286  GetSizeOfMAUIn8bitByte        
0000e3da  GetTargetEndianness           
0000e3ca  GetTransferSizeInMAU          
0000df84  GetWriteCmdDataMAU            
00000000  IE1                           
00000001  IE2                           
00000002  IFG1                          
00000003  IFG2                          
0000d3c6  Initialize                    
0000de58  MemAccessCmd                  
00000022  P1DIR                         
00000025  P1IE                          
00000024  P1IES                         
00000023  P1IFG                         
00000020  P1IN                          
00000021  P1OUT                         
00000027  P1REN                         
00000026  P1SEL                         
00000041  P1SEL2                        
0000002a  P2DIR                         
0000002d  P2IE                          
0000002c  P2IES                         
0000002b  P2IFG                         
00000028  P2IN                          
00000029  P2OUT                         
0000002f  P2REN                         
0000002e  P2SEL                         
00000042  P2SEL2                        
0000001a  P3DIR                         
00000018  P3IN                          
00000019  P3OUT                         
00000010  P3REN                         
0000001b  P3SEL                         
00000043  P3SEL2                        
0000e216  ProcessCommand                
0000ce2c  ReadAllRegisters              
0000e13a  SPI_DRV8711_ReadWrite         
0000d038  SpeedProfile                  
0000c478  StepProfile                   
00000172  TA0CCR0                       
00000174  TA0CCR1                       
00000176  TA0CCR2                       
00000162  TA0CCTL0                      
00000164  TA0CCTL1                      
00000166  TA0CCTL2                      
00000160  TA0CTL                        
0000012e  TA0IV                         
00000170  TA0R                          
00000192  TA1CCR0                       
00000194  TA1CCR1                       
00000196  TA1CCR2                       
00000182  TA1CCTL0                      
00000184  TA1CCTL1                      
00000186  TA1CCTL2                      
00000180  TA1CTL                        
0000011e  TA1IV                         
00000190  TA1R                          
000010db  TLV_ADC10_1_LEN               
000010da  TLV_ADC10_1_TAG               
000010c0  TLV_CHECKSUM                  
000010f7  TLV_DCO_30_LEN                
000010f6  TLV_DCO_30_TAG                
0000e2a4  Timer1_A0                     
0000e0c4  Timer1_A1                     
0000e3e2  Trap_ISR                      
0000005d  UCA0ABCTL                     
00000062  UCA0BR0                       
00000063  UCA0BR1                       
00000060  UCA0CTL0                      
00000061  UCA0CTL1                      
0000005f  UCA0IRRCTL                    
0000005e  UCA0IRTCTL                    
00000064  UCA0MCTL                      
00000066  UCA0RXBUF                     
00000065  UCA0STAT                      
00000067  UCA0TXBUF                     
0000006a  UCB0BR0                       
0000006b  UCB0BR1                       
00000068  UCB0CTL0                      
00000069  UCB0CTL1                      
0000006c  UCB0I2CIE                     
00000118  UCB0I2COA                     
0000011a  UCB0I2CSA                     
0000006e  UCB0RXBUF                     
0000006d  UCB0STAT                      
0000006f  UCB0TXBUF                     
0000e1c2  USCI0RX_ISR                   
0000db2c  UpdateDRV8711Registers        
0000d8f0  UpdateFullScaleCurrent        
0000d21c  UpdateGPIO                    
0000d7c8  UpdateStepperMotionProfile    
0000e312  VerifyInputCmdHeaders         
00000120  WDTCTL                        
0000e39e  WatchDog_Timer                
0000e3aa  Write8bitByteToCOM            
0000d69a  WriteAllRegisters             
0000e372  WriteByteToInCmdBuffer        
0000def4  WriteMAUToCOM                 
0000e2de  WriteToCmdBuffer              
00000400  __STACK_END                   
00000050  __STACK_SIZE                  
0000e404  __TI_CINIT_Base               
0000e40c  __TI_CINIT_Limit              
0000e3fa  __TI_Handler_Table_Base       
0000e400  __TI_Handler_Table_Limit      
0000dfc6  __TI_auto_init_nobinit_nopinit
0000dc50  __TI_decompress_lzss          
0000e34e  __TI_decompress_none          
0000c000  __TI_frcdivd                  
0000c700  __TI_frcmpyd                  
0000ffe4  __TI_int02                    
0000ffe6  __TI_int03                    
0000ffea  __TI_int05                    
0000ffec  __TI_int06                    
0000ffee  __TI_int07                    
0000fff0  __TI_int08                    
0000fff2  __TI_int09                    
0000fff4  __TI_int10                    
0000fff6  __TI_int11                    
0000fff8  __TI_int12                    
0000fffa  __TI_int13                    
0000fffc  __TI_int14                    
ffffffff  __TI_pprof_out_hndl           
ffffffff  __TI_prof_data_size           
ffffffff  __TI_prof_data_start          
0000e326  __TI_zero_init_nomemset       
ffffffff  __c_args__                    
0000d56e  __mspabi_addf                 
0000dbc4  __mspabi_cvtdf                
0000dccc  __mspabi_cvtfd                
0000cbf4  __mspabi_divd                 
0000da90  __mspabi_divf                 
0000e008  __mspabi_divli                
0000de00  __mspabi_divul                
0000df3e  __mspabi_fixfu                
0000e262  __mspabi_fltuf                
0000e38e  __mspabi_func_epilog_1        
0000e38c  __mspabi_func_epilog_2        
0000e38a  __mspabi_func_epilog_3        
0000e388  __mspabi_func_epilog_4        
0000e386  __mspabi_func_epilog_5        
0000e384  __mspabi_func_epilog_6        
0000e382  __mspabi_func_epilog_7        
0000c986  __mspabi_mpyd                 
0000d9cc  __mspabi_mpyf                 
0000e33a  __mspabi_mpyi                 
0000e33a  __mspabi_mpyi_sw              
0000e23c  __mspabi_mpyl                 
0000e23c  __mspabi_mpyl_sw              
0000e008  __mspabi_remli                
0000de00  __mspabi_remul                
0000e196  __mspabi_slli                 
0000e1be  __mspabi_slli_1               
0000e1ac  __mspabi_slli_10              
0000e1aa  __mspabi_slli_11              
0000e1a8  __mspabi_slli_12              
0000e1a6  __mspabi_slli_13              
0000e1a4  __mspabi_slli_14              
0000e1a2  __mspabi_slli_15              
0000e1bc  __mspabi_slli_2               
0000e1ba  __mspabi_slli_3               
0000e1b8  __mspabi_slli_4               
0000e1b6  __mspabi_slli_5               
0000e1b4  __mspabi_slli_6               
0000e1b2  __mspabi_slli_7               
0000e1b0  __mspabi_slli_8               
0000e1ae  __mspabi_slli_9               
0000e0be  __mspabi_slll_1               
0000e09a  __mspabi_slll_10              
0000e096  __mspabi_slll_11              
0000e092  __mspabi_slll_12              
0000e08e  __mspabi_slll_13              
0000e08a  __mspabi_slll_14              
0000e086  __mspabi_slll_15              
0000e0ba  __mspabi_slll_2               
0000e0b6  __mspabi_slll_3               
0000e0b2  __mspabi_slll_4               
0000e0ae  __mspabi_slll_5               
0000e0aa  __mspabi_slll_6               
0000e0a6  __mspabi_slll_7               
0000e0a2  __mspabi_slll_8               
0000e09e  __mspabi_slll_9               
0000e16a  __mspabi_srai                 
0000e192  __mspabi_srai_1               
0000e180  __mspabi_srai_10              
0000e17e  __mspabi_srai_11              
0000e17c  __mspabi_srai_12              
0000e17a  __mspabi_srai_13              
0000e178  __mspabi_srai_14              
0000e176  __mspabi_srai_15              
0000e190  __mspabi_srai_2               
0000e18e  __mspabi_srai_3               
0000e18c  __mspabi_srai_4               
0000e18a  __mspabi_srai_5               
0000e188  __mspabi_srai_6               
0000e186  __mspabi_srai_7               
0000e184  __mspabi_srai_8               
0000e182  __mspabi_srai_9               
0000e080  __mspabi_sral_1               
0000e05c  __mspabi_sral_10              
0000e058  __mspabi_sral_11              
0000e054  __mspabi_sral_12              
0000e050  __mspabi_sral_13              
0000e04c  __mspabi_sral_14              
0000e048  __mspabi_sral_15              
0000e07c  __mspabi_sral_2               
0000e078  __mspabi_sral_3               
0000e074  __mspabi_sral_4               
0000e070  __mspabi_sral_5               
0000e06c  __mspabi_sral_6               
0000e068  __mspabi_sral_7               
0000e064  __mspabi_sral_8               
0000e060  __mspabi_sral_9               
0000dea8  __mspabi_srli                 
0000deee  __mspabi_srli_1               
0000deca  __mspabi_srli_10              
0000dec6  __mspabi_srli_11              
0000dec2  __mspabi_srli_12              
0000debe  __mspabi_srli_13              
0000deba  __mspabi_srli_14              
0000deb6  __mspabi_srli_15              
0000deea  __mspabi_srli_2               
0000dee6  __mspabi_srli_3               
0000dee2  __mspabi_srli_4               
0000dede  __mspabi_srli_5               
0000deda  __mspabi_srli_6               
0000ded6  __mspabi_srli_7               
0000ded2  __mspabi_srli_8               
0000dece  __mspabi_srli_9               
0000ddf8  __mspabi_srll_1               
0000ddc2  __mspabi_srll_10              
0000ddbc  __mspabi_srll_11              
0000ddb6  __mspabi_srll_12              
0000ddb0  __mspabi_srll_13              
0000ddaa  __mspabi_srll_14              
0000dda4  __mspabi_srll_15              
0000ddf2  __mspabi_srll_2               
0000ddec  __mspabi_srll_3               
0000dde6  __mspabi_srll_4               
0000dde0  __mspabi_srll_5               
0000ddda  __mspabi_srll_6               
0000ddd4  __mspabi_srll_7               
0000ddce  __mspabi_srll_8               
0000ddc8  __mspabi_srll_9               
0000d568  __mspabi_subf                 
0000e2c2  _c_int00_noargs               
0000fffe  _reset_vector                 
000003b0  _stack                        
0000e3e4  _system_post_cinit            
0000e3de  _system_pre_init              
0000e3d4  abort                         
00000200  gInCmdBuffer                  
000002ec  gInCmdBufferIdx               
00000294  gInCmdSkipCount               
0000e2f8  main                          
0000e360  memcpy                        
0000dd3e  receivedDataCommand           
0000e1ec  uartInit                      
0000e3aa  uartTxByte                    


GLOBAL SYMBOLS: SORTED BY Symbol Address 

address   name                          
-------   ----                          
00000000  IE1                           
00000001  IE2                           
00000002  IFG1                          
00000003  IFG2                          
00000010  P3REN                         
00000018  P3IN                          
00000019  P3OUT                         
0000001a  P3DIR                         
0000001b  P3SEL                         
00000020  P1IN                          
00000021  P1OUT                         
00000022  P1DIR                         
00000023  P1IFG                         
00000024  P1IES                         
00000025  P1IE                          
00000026  P1SEL                         
00000027  P1REN                         
00000028  P2IN                          
00000029  P2OUT                         
0000002a  P2DIR                         
0000002b  P2IFG                         
0000002c  P2IES                         
0000002d  P2IE                          
0000002e  P2SEL                         
0000002f  P2REN                         
00000041  P1SEL2                        
00000042  P2SEL2                        
00000043  P3SEL2                        
00000048  ADC10DTC0                     
00000049  ADC10DTC1                     
0000004a  ADC10AE0                      
00000050  __STACK_SIZE                  
00000053  BCSCTL3                       
00000056  DCOCTL                        
00000057  BCSCTL1                       
00000058  BCSCTL2                       
00000059  CACTL1                        
0000005a  CACTL2                        
0000005b  CAPD                          
0000005d  UCA0ABCTL                     
0000005e  UCA0IRTCTL                    
0000005f  UCA0IRRCTL                    
00000060  UCA0CTL0                      
00000061  UCA0CTL1                      
00000062  UCA0BR0                       
00000063  UCA0BR1                       
00000064  UCA0MCTL                      
00000065  UCA0STAT                      
00000066  UCA0RXBUF                     
00000067  UCA0TXBUF                     
00000068  UCB0CTL0                      
00000069  UCB0CTL1                      
0000006a  UCB0BR0                       
0000006b  UCB0BR1                       
0000006c  UCB0I2CIE                     
0000006d  UCB0STAT                      
0000006e  UCB0RXBUF                     
0000006f  UCB0TXBUF                     
00000118  UCB0I2COA                     
0000011a  UCB0I2CSA                     
0000011e  TA1IV                         
00000120  WDTCTL                        
00000128  FCTL1                         
0000012a  FCTL2                         
0000012c  FCTL3                         
0000012e  TA0IV                         
00000160  TA0CTL                        
00000162  TA0CCTL0                      
00000164  TA0CCTL1                      
00000166  TA0CCTL2                      
00000170  TA0R                          
00000172  TA0CCR0                       
00000174  TA0CCR1                       
00000176  TA0CCR2                       
00000180  TA1CTL                        
00000182  TA1CCTL0                      
00000184  TA1CCTL1                      
00000186  TA1CCTL2                      
00000190  TA1R                          
00000192  TA1CCR0                       
00000194  TA1CCR1                       
00000196  TA1CCR2                       
000001b0  ADC10CTL0                     
000001b2  ADC10CTL1                     
000001b4  ADC10MEM                      
000001bc  ADC10SA                       
00000200  gInCmdBuffer                  
00000244  G_STATUS_REG                  
00000256  G_CTRL_REG                    
00000266  G_DRIVE_REG                   
00000274  G_STALL_REG                   
0000027c  G_BLANK_REG                   
00000282  G_DECAY_REG                   
00000288  G_OFF_REG                     
0000028e  G_TORQUE_REG                  
00000294  gInCmdSkipCount               
00000296  G_FIRMWARE_VERSION            
0000029a  G_FULL_SCALE_CURRENT          
0000029e  G_TORQUE_OLD                  
000002a0  G_ISGAIN_OLD                  
000002a2  G_BYPASS_INDEXER              
000002a4  G_BYPASS_INDEXER_OLD          
000002a6  G_WRITE_ALL_REG               
000002a8  G_READ_ALL_REG                
000002aa  G_RESET_FAULTS                
000002ac  G_MANUAL_WRITE                
000002ae  G_WRITE_ADDR                  
000002b0  G_WRITE_DATA                  
000002b2  G_MANUAL_READ                 
000002b4  G_READ_ADDR                   
000002b6  G_READ_DATA                   
000002b8  G_START_STOP_SPEED            
000002ba  G_TARGET_SPEED                
000002bc  G_ACCEL_RATE                  
000002be  G_TOTAL_NUM_STEPS             
000002c0  G_STEPS_TO_ACCEL              
000002c2  G_MOTOR_STATE                 
000002c4  G_SPEED_PROFILE               
000002c6  G_SPEED_PROFILE_LOCK          
000002c8  G_STEP_PROFILE                
000002ca  G_STEP_PROFILE_LOCK           
000002cc  G_CUR_NUM_STEPS               
000002ce  G_CUR_SPEED                   
000002d0  G_CUR_SPEED_TEMP              
000002d2  G_SPEED_INCR                  
000002d4  G_ACCEL_FLAG                  
000002d6  G_TA1CCR0_TEMP                
000002d8  G_TA1CCR1_TEMP                
000002da  G_LOAD_CCR_VALS               
000002dc  G_nSLEEP                      
000002de  G_RESET                       
000002e0  G_STEP_AIN1                   
000002e2  G_DIR_AIN2                    
000002e4  G_BIN2                        
000002e6  G_BIN1                        
000002e8  G_nFAULT                      
000002ea  G_nSTALL                      
000002ec  gInCmdBufferIdx               
000003b0  _stack                        
00000400  __STACK_END                   
000010c0  TLV_CHECKSUM                  
000010da  TLV_ADC10_1_TAG               
000010db  TLV_ADC10_1_LEN               
000010f6  TLV_DCO_30_TAG                
000010f7  TLV_DCO_30_LEN                
000010f8  CALDCO_16MHZ                  
000010f9  CALBC1_16MHZ                  
000010fa  CALDCO_12MHZ                  
000010fb  CALBC1_12MHZ                  
000010fc  CALDCO_8MHZ                   
000010fd  CALBC1_8MHZ                   
000010fe  CALDCO_1MHZ                   
000010ff  CALBC1_1MHZ                   
0000c000  __TI_frcdivd                  
0000c478  StepProfile                   
0000c700  __TI_frcmpyd                  
0000c986  __mspabi_mpyd                 
0000cbf4  __mspabi_divd                 
0000ce2c  ReadAllRegisters              
0000d038  SpeedProfile                  
0000d21c  UpdateGPIO                    
0000d3c6  Initialize                    
0000d568  __mspabi_subf                 
0000d56e  __mspabi_addf                 
0000d69a  WriteAllRegisters             
0000d7c8  UpdateStepperMotionProfile    
0000d8f0  UpdateFullScaleCurrent        
0000d9cc  __mspabi_mpyf                 
0000da90  __mspabi_divf                 
0000db2c  UpdateDRV8711Registers        
0000dbc4  __mspabi_cvtdf                
0000dc50  __TI_decompress_lzss          
0000dccc  __mspabi_cvtfd                
0000dd3e  receivedDataCommand           
0000dda4  __mspabi_srll_15              
0000ddaa  __mspabi_srll_14              
0000ddb0  __mspabi_srll_13              
0000ddb6  __mspabi_srll_12              
0000ddbc  __mspabi_srll_11              
0000ddc2  __mspabi_srll_10              
0000ddc8  __mspabi_srll_9               
0000ddce  __mspabi_srll_8               
0000ddd4  __mspabi_srll_7               
0000ddda  __mspabi_srll_6               
0000dde0  __mspabi_srll_5               
0000dde6  __mspabi_srll_4               
0000ddec  __mspabi_srll_3               
0000ddf2  __mspabi_srll_2               
0000ddf8  __mspabi_srll_1               
0000de00  __mspabi_divul                
0000de00  __mspabi_remul                
0000de58  MemAccessCmd                  
0000dea8  __mspabi_srli                 
0000deb6  __mspabi_srli_15              
0000deba  __mspabi_srli_14              
0000debe  __mspabi_srli_13              
0000dec2  __mspabi_srli_12              
0000dec6  __mspabi_srli_11              
0000deca  __mspabi_srli_10              
0000dece  __mspabi_srli_9               
0000ded2  __mspabi_srli_8               
0000ded6  __mspabi_srli_7               
0000deda  __mspabi_srli_6               
0000dede  __mspabi_srli_5               
0000dee2  __mspabi_srli_4               
0000dee6  __mspabi_srli_3               
0000deea  __mspabi_srli_2               
0000deee  __mspabi_srli_1               
0000def4  WriteMAUToCOM                 
0000df3e  __mspabi_fixfu                
0000df84  GetWriteCmdDataMAU            
0000dfc6  __TI_auto_init_nobinit_nopinit
0000e008  __mspabi_divli                
0000e008  __mspabi_remli                
0000e048  __mspabi_sral_15              
0000e04c  __mspabi_sral_14              
0000e050  __mspabi_sral_13              
0000e054  __mspabi_sral_12              
0000e058  __mspabi_sral_11              
0000e05c  __mspabi_sral_10              
0000e060  __mspabi_sral_9               
0000e064  __mspabi_sral_8               
0000e068  __mspabi_sral_7               
0000e06c  __mspabi_sral_6               
0000e070  __mspabi_sral_5               
0000e074  __mspabi_sral_4               
0000e078  __mspabi_sral_3               
0000e07c  __mspabi_sral_2               
0000e080  __mspabi_sral_1               
0000e086  __mspabi_slll_15              
0000e08a  __mspabi_slll_14              
0000e08e  __mspabi_slll_13              
0000e092  __mspabi_slll_12              
0000e096  __mspabi_slll_11              
0000e09a  __mspabi_slll_10              
0000e09e  __mspabi_slll_9               
0000e0a2  __mspabi_slll_8               
0000e0a6  __mspabi_slll_7               
0000e0aa  __mspabi_slll_6               
0000e0ae  __mspabi_slll_5               
0000e0b2  __mspabi_slll_4               
0000e0b6  __mspabi_slll_3               
0000e0ba  __mspabi_slll_2               
0000e0be  __mspabi_slll_1               
0000e0c4  Timer1_A1                     
0000e100  GetInCmdAddress               
0000e13a  SPI_DRV8711_ReadWrite         
0000e16a  __mspabi_srai                 
0000e176  __mspabi_srai_15              
0000e178  __mspabi_srai_14              
0000e17a  __mspabi_srai_13              
0000e17c  __mspabi_srai_12              
0000e17e  __mspabi_srai_11              
0000e180  __mspabi_srai_10              
0000e182  __mspabi_srai_9               
0000e184  __mspabi_srai_8               
0000e186  __mspabi_srai_7               
0000e188  __mspabi_srai_6               
0000e18a  __mspabi_srai_5               
0000e18c  __mspabi_srai_4               
0000e18e  __mspabi_srai_3               
0000e190  __mspabi_srai_2               
0000e192  __mspabi_srai_1               
0000e196  __mspabi_slli                 
0000e1a2  __mspabi_slli_15              
0000e1a4  __mspabi_slli_14              
0000e1a6  __mspabi_slli_13              
0000e1a8  __mspabi_slli_12              
0000e1aa  __mspabi_slli_11              
0000e1ac  __mspabi_slli_10              
0000e1ae  __mspabi_slli_9               
0000e1b0  __mspabi_slli_8               
0000e1b2  __mspabi_slli_7               
0000e1b4  __mspabi_slli_6               
0000e1b6  __mspabi_slli_5               
0000e1b8  __mspabi_slli_4               
0000e1ba  __mspabi_slli_3               
0000e1bc  __mspabi_slli_2               
0000e1be  __mspabi_slli_1               
0000e1c2  USCI0RX_ISR                   
0000e1ec  uartInit                      
0000e216  ProcessCommand                
0000e23c  __mspabi_mpyl                 
0000e23c  __mspabi_mpyl_sw              
0000e262  __mspabi_fltuf                
0000e286  GetSizeOfMAUIn8bitByte        
0000e2a4  Timer1_A0                     
0000e2c2  _c_int00_noargs               
0000e2de  WriteToCmdBuffer              
0000e2f8  main                          
0000e312  VerifyInputCmdHeaders         
0000e326  __TI_zero_init_nomemset       
0000e33a  __mspabi_mpyi                 
0000e33a  __mspabi_mpyi_sw              
0000e34e  __TI_decompress_none          
0000e360  memcpy                        
0000e372  WriteByteToInCmdBuffer        
0000e382  __mspabi_func_epilog_7        
0000e384  __mspabi_func_epilog_6        
0000e386  __mspabi_func_epilog_5        
0000e388  __mspabi_func_epilog_4        
0000e38a  __mspabi_func_epilog_3        
0000e38c  __mspabi_func_epilog_2        
0000e38e  __mspabi_func_epilog_1        
0000e392  GetRWFlag                     
0000e39e  WatchDog_Timer                
0000e3aa  Write8bitByteToCOM            
0000e3aa  uartTxByte                    
0000e3b6  ClearBufferRelatedParam       
0000e3c0  GetInputCmdType               
0000e3ca  GetTransferSizeInMAU          
0000e3d4  C$$EXIT                       
0000e3d4  abort                         
0000e3da  GetTargetEndianness           
0000e3de  _system_pre_init              
0000e3e2  Trap_ISR                      
0000e3e4  _system_post_cinit            
0000e3fa  __TI_Handler_Table_Base       
0000e400  __TI_Handler_Table_Limit      
0000e404  __TI_CINIT_Base               
0000e40c  __TI_CINIT_Limit              
0000ffe4  __TI_int02                    
0000ffe6  __TI_int03                    
0000ffea  __TI_int05                    
0000ffec  __TI_int06                    
0000ffee  __TI_int07                    
0000fff0  __TI_int08                    
0000fff2  __TI_int09                    
0000fff4  __TI_int10                    
0000fff6  __TI_int11                    
0000fff8  __TI_int12                    
0000fffa  __TI_int13                    
0000fffc  __TI_int14                    
0000fffe  _reset_vector                 
ffffffff  __TI_pprof_out_hndl           
ffffffff  __TI_prof_data_size           
ffffffff  __TI_prof_data_start          
ffffffff  __c_args__                    

[338 symbols]
